<?xml version="1.0" encoding="UTF-8"?>
<project xmlns="http://maven.apache.org/POM/4.0.0" xmlns:xsi="http://www.w3.org/2001/XMLSchema-instance" xsi:schemaLocation="http://maven.apache.org/POM/4.0.0 http://maven.apache.org/maven-v4_0_0.xsd">
  <groupId>net.sf.buildbox.test</groupId>
  <artifactId>test-simple</artifactId>
  <version>1.0.0-alpha-1</version>
  <modelVersion>4.0.0</modelVersion>
  <name>test-simple:1.0.0-alpha-1</name>
  <url>http://buildbox.sourceforge.net/releasator</url>
  <parent>
    <groupId>net.sf.buildbox.maven</groupId>
    <artifactId>buildbox-pom</artifactId>
    <version>1.0.5</version>
  </parent>
  <description>This pom is just for testing releases with releasator</description>
  <scm>
    <connection>scm:svn:file://@TESTDATA@/svnrepo/underworld/tags/net.sf.buildbox.test-test-simple-1.0.0-alpha-1</connection>
    <developerConnection>scm:svn:file://@TESTDATA@/svnrepo/underworld/tags/net.sf.buildbox.test-test-simple-1.0.0-alpha-1</developerConnection>
    <url>file://@TESTDATA@/svnrepo/underworld/tags/net.sf.buildbox.test-test-simple-1.0.0-alpha-1</url>
  </scm>
</project>
